src/components/dashboard/seller/events/event-form.tsx(3,30): error TS2307: Cannot find module '@/components/shared/upload/media-uploader' or its corresponding type declarations.
src/components/dashboard/seller/events/event-form.tsx(4,53): error TS2307: Cannot find module '@/components/ui/alert' or its corresponding type declarations.
src/components/dashboard/seller/events/event-form.tsx(5,23): error TS2307: Cannot find module '@/components/ui/badge' or its corresponding type declarations.
src/components/dashboard/seller/events/event-form.tsx(6,24): error TS2307: Cannot find module '@/components/ui/button' or its corresponding type declarations.
src/components/dashboard/seller/events/event-form.tsx(13,8): error TS2307: Cannot find module '@/components/ui/card' or its corresponding type declarations.
src/components/dashboard/seller/events/event-form.tsx(14,23): error TS2307: Cannot find module '@/components/ui/input' or its corresponding type declarations.
src/components/dashboard/seller/events/event-form.tsx(15,23): error TS2307: Cannot find module '@/components/ui/label' or its corresponding type declarations.
src/components/dashboard/seller/events/event-form.tsx(22,8): error TS2307: Cannot find module '@/components/ui/select' or its corresponding type declarations.
src/components/dashboard/seller/events/event-form.tsx(23,24): error TS2307: Cannot find module '@/components/ui/switch' or its corresponding type declarations.
src/components/dashboard/seller/events/event-form.tsx(24,26): error TS2307: Cannot find module '@/components/ui/textarea' or its corresponding type declarations.
src/components/dashboard/seller/events/event-form.tsx(29,8): error TS2307: Cannot find module '@/queries/conferenceHallQueries' or its corresponding type declarations.
src/components/dashboard/seller/events/event-form.tsx(30,39): error TS2307: Cannot find module '@/components/shared/region/unified-region-selector' or its corresponding type declarations.
src/components/dashboard/seller/events/event-form.tsx(31,43): error TS2307: Cannot find module '@/components/autocompletes/pincode-search-autocomplete' or its corresponding type declarations.
src/components/dashboard/seller/events/event-form.tsx(37,8): error TS2307: Cannot find module '@/types/conference-hall' or its corresponding type declarations.
src/components/dashboard/seller/events/event-form.tsx(38,30): error TS2307: Cannot find module '@/types/region' or its corresponding type declarations.
src/components/dashboard/seller/events/event-form.tsx(55,20): error TS2307: Cannot find module '@/lib/utils' or its corresponding type declarations.
src/components/dashboard/seller/events/event-form.tsx(150,5): error TS17004: Cannot use JSX unless the '--jsx' flag is provided.
src/components/dashboard/seller/events/event-form.tsx(159,9): error TS17004: Cannot use JSX unless the '--jsx' flag is provided.
src/components/dashboard/seller/events/event-form.tsx(172,13): error TS17004: Cannot use JSX unless the '--jsx' flag is provided.
src/components/dashboard/seller/events/event-form.tsx(174,13): error TS17004: Cannot use JSX unless the '--jsx' flag is provided.
src/components/dashboard/seller/events/event-form.tsx(176,11): error TS17004: Cannot use JSX unless the '--jsx' flag is provided.
src/components/dashboard/seller/events/event-form.tsx(178,13): error TS17004: Cannot use JSX unless the '--jsx' flag is provided.
src/components/dashboard/seller/events/event-form.tsx(182,11): error TS17004: Cannot use JSX unless the '--jsx' flag is provided.
src/components/dashboard/seller/events/event-form.tsx(184,15): error TS17004: Cannot use JSX unless the '--jsx' flag is provided.
src/components/dashboard/seller/events/event-form.tsx(185,17): error TS17004: Cannot use JSX unless the '--jsx' flag is provided.
src/components/dashboard/seller/events/event-form.tsx(192,15): error TS17004: Cannot use JSX unless the '--jsx' flag is provided.
src/components/dashboard/seller/events/event-form.tsx(200,7): error TS17004: Cannot use JSX unless the '--jsx' flag is provided.
src/components/dashboard/seller/events/event-form.tsx(210,13): error TS17004: Cannot use JSX unless the '--jsx' flag is provided.
src/components/dashboard/seller/events/event-form.tsx(212,15): error TS17004: Cannot use JSX unless the '--jsx' flag is provided.
src/components/dashboard/seller/events/event-form.tsx(217,21): error TS17004: Cannot use JSX unless the '--jsx' flag is provided.
src/components/dashboard/seller/events/event-form.tsx(218,23): error TS17004: Cannot use JSX unless the '--jsx' flag is provided.
src/components/dashboard/seller/events/event-form.tsx(219,23): error TS17004: Cannot use JSX unless the '--jsx' flag is provided.
src/components/dashboard/seller/events/event-form.tsx(222,23): error TS17004: Cannot use JSX unless the '--jsx' flag is provided.
src/components/dashboard/seller/events/event-form.tsx(228,17): error TS17004: Cannot use JSX unless the '--jsx' flag is provided.
src/components/dashboard/seller/events/event-form.tsx(229,19): error TS17004: Cannot use JSX unless the '--jsx' flag is provided.
src/components/dashboard/seller/events/event-form.tsx(230,21): error TS17004: Cannot use JSX unless the '--jsx' flag is provided.
src/components/dashboard/seller/events/event-form.tsx(231,21): error TS17004: Cannot use JSX unless the '--jsx' flag is provided.
src/components/dashboard/seller/events/event-form.tsx(235,19): error TS17004: Cannot use JSX unless the '--jsx' flag is provided.
src/components/dashboard/seller/events/event-form.tsx(236,21): error TS17004: Cannot use JSX unless the '--jsx' flag is provided.
src/components/dashboard/seller/events/event-form.tsx(238,25): error TS17004: Cannot use JSX unless the '--jsx' flag is provided.
src/components/dashboard/seller/events/event-form.tsx(239,27): error TS17004: Cannot use JSX unless the '--jsx' flag is provided.
src/components/dashboard/seller/events/event-form.tsx(240,27): error TS17004: Cannot use JSX unless the '--jsx' flag is provided.
src/components/dashboard/seller/events/event-form.tsx(251,21): error TS17004: Cannot use JSX unless the '--jsx' flag is provided.
src/components/dashboard/seller/events/event-form.tsx(253,25): error TS17004: Cannot use JSX unless the '--jsx' flag is provided.
src/components/dashboard/seller/events/event-form.tsx(254,27): error TS17004: Cannot use JSX unless the '--jsx' flag is provided.
src/components/dashboard/seller/events/event-form.tsx(255,27): error TS17004: Cannot use JSX unless the '--jsx' flag is provided.
src/components/dashboard/seller/events/event-form.tsx(267,21): error TS17004: Cannot use JSX unless the '--jsx' flag is provided.
src/components/dashboard/seller/events/event-form.tsx(268,23): error TS17004: Cannot use JSX unless the '--jsx' flag is provided.
src/components/dashboard/seller/events/event-form.tsx(270,27): error TS17004: Cannot use JSX unless the '--jsx' flag is provided.
src/components/dashboard/seller/events/event-form.tsx(271,29): error TS17004: Cannot use JSX unless the '--jsx' flag is provided.
src/components/dashboard/seller/events/event-form.tsx(272,29): error TS17004: Cannot use JSX unless the '--jsx' flag is provided.
src/components/dashboard/seller/events/event-form.tsx(278,31): error TS17004: Cannot use JSX unless the '--jsx' flag is provided.
src/components/dashboard/seller/events/event-form.tsx(279,33): error TS17004: Cannot use JSX unless the '--jsx' flag is provided.
src/components/dashboard/seller/events/event-form.tsx(281,31): error TS17004: Cannot use JSX unless the '--jsx' flag is provided.
src/components/dashboard/seller/events/event-form.tsx(282,33): error TS17004: Cannot use JSX unless the '--jsx' flag is provided.
src/components/dashboard/seller/events/event-form.tsx(285,33): error TS17004: Cannot use JSX unless the '--jsx' flag is provided.
src/components/dashboard/seller/events/event-form.tsx(294,23): error TS17004: Cannot use JSX unless the '--jsx' flag is provided.
src/components/dashboard/seller/events/event-form.tsx(296,27): error TS17004: Cannot use JSX unless the '--jsx' flag is provided.
src/components/dashboard/seller/events/event-form.tsx(297,29): error TS17004: Cannot use JSX unless the '--jsx' flag is provided.
src/components/dashboard/seller/events/event-form.tsx(298,31): error TS17004: Cannot use JSX unless the '--jsx' flag is provided.
src/components/dashboard/seller/events/event-form.tsx(299,31): error TS17004: Cannot use JSX unless the '--jsx' flag is provided.
src/components/dashboard/seller/events/event-form.tsx(303,29): error TS17004: Cannot use JSX unless the '--jsx' flag is provided.
src/components/dashboard/seller/events/event-form.tsx(321,19): error TS17004: Cannot use JSX unless the '--jsx' flag is provided.
src/components/dashboard/seller/events/event-form.tsx(322,21): error TS17004: Cannot use JSX unless the '--jsx' flag is provided.
src/components/dashboard/seller/events/event-form.tsx(323,23): error TS17004: Cannot use JSX unless the '--jsx' flag is provided.
src/components/dashboard/seller/events/event-form.tsx(324,25): error TS17004: Cannot use JSX unless the '--jsx' flag is provided.
src/components/dashboard/seller/events/event-form.tsx(327,23): error TS17004: Cannot use JSX unless the '--jsx' flag is provided.
src/components/dashboard/seller/events/event-form.tsx(331,21): error TS17004: Cannot use JSX unless the '--jsx' flag is provided.
src/components/dashboard/seller/events/event-form.tsx(332,23): error TS17004: Cannot use JSX unless the '--jsx' flag is provided.
src/components/dashboard/seller/events/event-form.tsx(333,25): error TS17004: Cannot use JSX unless the '--jsx' flag is provided.
src/components/dashboard/seller/events/event-form.tsx(335,29): error TS17004: Cannot use JSX unless the '--jsx' flag is provided.
src/components/dashboard/seller/events/event-form.tsx(336,31): error TS17004: Cannot use JSX unless the '--jsx' flag is provided.
src/components/dashboard/seller/events/event-form.tsx(337,31): error TS17004: Cannot use JSX unless the '--jsx' flag is provided.
src/components/dashboard/seller/events/event-form.tsx(347,25): error TS17004: Cannot use JSX unless the '--jsx' flag is provided.
src/components/dashboard/seller/events/event-form.tsx(349,29): error TS17004: Cannot use JSX unless the '--jsx' flag is provided.
src/components/dashboard/seller/events/event-form.tsx(350,31): error TS17004: Cannot use JSX unless the '--jsx' flag is provided.
src/components/dashboard/seller/events/event-form.tsx(351,31): error TS17004: Cannot use JSX unless the '--jsx' flag is provided.
src/components/dashboard/seller/events/event-form.tsx(363,23): error TS17004: Cannot use JSX unless the '--jsx' flag is provided.
src/components/dashboard/seller/events/event-form.tsx(364,25): error TS17004: Cannot use JSX unless the '--jsx' flag is provided.
src/components/dashboard/seller/events/event-form.tsx(366,29): error TS17004: Cannot use JSX unless the '--jsx' flag is provided.
src/components/dashboard/seller/events/event-form.tsx(367,31): error TS17004: Cannot use JSX unless the '--jsx' flag is provided.
src/components/dashboard/seller/events/event-form.tsx(368,33): error TS17004: Cannot use JSX unless the '--jsx' flag is provided.
src/components/dashboard/seller/events/event-form.tsx(369,33): error TS17004: Cannot use JSX unless the '--jsx' flag is provided.
src/components/dashboard/seller/events/event-form.tsx(370,35): error TS17004: Cannot use JSX unless the '--jsx' flag is provided.
src/components/dashboard/seller/events/event-form.tsx(371,35): error TS17004: Cannot use JSX unless the '--jsx' flag is provided.
src/components/dashboard/seller/events/event-form.tsx(376,31): error TS17004: Cannot use JSX unless the '--jsx' flag is provided.
src/components/dashboard/seller/events/event-form.tsx(388,25): error TS17004: Cannot use JSX unless the '--jsx' flag is provided.
src/components/dashboard/seller/events/event-form.tsx(390,29): error TS17004: Cannot use JSX unless the '--jsx' flag is provided.
src/components/dashboard/seller/events/event-form.tsx(391,31): error TS17004: Cannot use JSX unless the '--jsx' flag is provided.
src/components/dashboard/seller/events/event-form.tsx(392,33): error TS17004: Cannot use JSX unless the '--jsx' flag is provided.
src/components/dashboard/seller/events/event-form.tsx(393,33): error TS17004: Cannot use JSX unless the '--jsx' flag is provided.
src/components/dashboard/seller/events/event-form.tsx(394,35): error TS17004: Cannot use JSX unless the '--jsx' flag is provided.
src/components/dashboard/seller/events/event-form.tsx(395,35): error TS17004: Cannot use JSX unless the '--jsx' flag is provided.
src/components/dashboard/seller/events/event-form.tsx(400,31): error TS17004: Cannot use JSX unless the '--jsx' flag is provided.
src/components/dashboard/seller/events/event-form.tsx(414,23): error TS17004: Cannot use JSX unless the '--jsx' flag is provided.
src/components/dashboard/seller/events/event-form.tsx(416,27): error TS17004: Cannot use JSX unless the '--jsx' flag is provided.
src/components/dashboard/seller/events/event-form.tsx(417,29): error TS17004: Cannot use JSX unless the '--jsx' flag is provided.
src/components/dashboard/seller/events/event-form.tsx(419,33): error TS17004: Cannot use JSX unless the '--jsx' flag is provided.
src/components/dashboard/seller/events/event-form.tsx(420,35): error TS17004: Cannot use JSX unless the '--jsx' flag is provided.
src/components/dashboard/seller/events/event-form.tsx(421,35): error TS17004: Cannot use JSX unless the '--jsx' flag is provided.
src/components/dashboard/seller/events/event-form.tsx(431,29): error TS17004: Cannot use JSX unless the '--jsx' flag is provided.
src/components/dashboard/seller/events/event-form.tsx(433,33): error TS17004: Cannot use JSX unless the '--jsx' flag is provided.
src/components/dashboard/seller/events/event-form.tsx(434,35): error TS17004: Cannot use JSX unless the '--jsx' flag is provided.
src/components/dashboard/seller/events/event-form.tsx(435,35): error TS17004: Cannot use JSX unless the '--jsx' flag is provided.
src/components/dashboard/seller/events/event-form.tsx(448,25): error TS17004: Cannot use JSX unless the '--jsx' flag is provided.
src/components/dashboard/seller/events/event-form.tsx(449,27): error TS17004: Cannot use JSX unless the '--jsx' flag is provided.
src/components/dashboard/seller/events/event-form.tsx(451,31): error TS17004: Cannot use JSX unless the '--jsx' flag is provided.
src/components/dashboard/seller/events/event-form.tsx(452,33): error TS17004: Cannot use JSX unless the '--jsx' flag is provided.
src/components/dashboard/seller/events/event-form.tsx(455,33): error TS17004: Cannot use JSX unless the '--jsx' flag is provided.
src/components/dashboard/seller/events/event-form.tsx(464,33): error TS17004: Cannot use JSX unless the '--jsx' flag is provided.
src/components/dashboard/seller/events/event-form.tsx(473,29): error TS17004: Cannot use JSX unless the '--jsx' flag is provided.
src/components/dashboard/seller/events/event-form.tsx(487,17): error TS17004: Cannot use JSX unless the '--jsx' flag is provided.
src/components/dashboard/seller/events/event-form.tsx(488,19): error TS17004: Cannot use JSX unless the '--jsx' flag is provided.
src/components/dashboard/seller/events/event-form.tsx(489,21): error TS17004: Cannot use JSX unless the '--jsx' flag is provided.
src/components/dashboard/seller/events/event-form.tsx(490,23): error TS17004: Cannot use JSX unless the '--jsx' flag is provided.
src/components/dashboard/seller/events/event-form.tsx(493,21): error TS17004: Cannot use JSX unless the '--jsx' flag is provided.
src/components/dashboard/seller/events/event-form.tsx(497,19): error TS17004: Cannot use JSX unless the '--jsx' flag is provided.
src/components/dashboard/seller/events/event-form.tsx(498,21): error TS17004: Cannot use JSX unless the '--jsx' flag is provided.
src/components/dashboard/seller/events/event-form.tsx(507,15): error TS17004: Cannot use JSX unless the '--jsx' flag is provided.
src/components/dashboard/seller/events/event-form.tsx(508,17): error TS17004: Cannot use JSX unless the '--jsx' flag is provided.
src/components/dashboard/seller/events/event-form.tsx(509,19): error TS17004: Cannot use JSX unless the '--jsx' flag is provided.
src/components/dashboard/seller/events/event-form.tsx(510,21): error TS17004: Cannot use JSX unless the '--jsx' flag is provided.
src/components/dashboard/seller/events/event-form.tsx(511,21): error TS17004: Cannot use JSX unless the '--jsx' flag is provided.
src/components/dashboard/seller/events/event-form.tsx(515,19): error TS17004: Cannot use JSX unless the '--jsx' flag is provided.
src/components/dashboard/seller/events/event-form.tsx(516,21): error TS17004: Cannot use JSX unless the '--jsx' flag is provided.
src/components/dashboard/seller/events/event-form.tsx(518,25): error TS17004: Cannot use JSX unless the '--jsx' flag is provided.
src/components/dashboard/seller/events/event-form.tsx(519,27): error TS17004: Cannot use JSX unless the '--jsx' flag is provided.
src/components/dashboard/seller/events/event-form.tsx(520,29): error TS17004: Cannot use JSX unless the '--jsx' flag is provided.
src/components/dashboard/seller/events/event-form.tsx(521,29): error TS17004: Cannot use JSX unless the '--jsx' flag is provided.
src/components/dashboard/seller/events/event-form.tsx(535,27): error TS17004: Cannot use JSX unless the '--jsx' flag is provided.
src/components/dashboard/seller/events/event-form.tsx(536,29): error TS17004: Cannot use JSX unless the '--jsx' flag is provided.
src/components/dashboard/seller/events/event-form.tsx(537,29): error TS17004: Cannot use JSX unless the '--jsx' flag is provided.
src/components/dashboard/seller/events/event-form.tsx(554,29): error TS17004: Cannot use JSX unless the '--jsx' flag is provided.
src/components/dashboard/seller/events/event-form.tsx(556,33): error TS17004: Cannot use JSX unless the '--jsx' flag is provided.
src/components/dashboard/seller/events/event-form.tsx(560,35): error TS17004: Cannot use JSX unless the '--jsx' flag is provided.
src/components/dashboard/seller/events/event-form.tsx(562,39): error TS17004: Cannot use JSX unless the '--jsx' flag is provided.
src/components/dashboard/seller/events/event-form.tsx(564,39): error TS17004: Cannot use JSX unless the '--jsx' flag is provided.
src/components/dashboard/seller/events/event-form.tsx(566,37): error TS17004: Cannot use JSX unless the '--jsx' flag is provided.
src/components/dashboard/seller/events/event-form.tsx(568,35): error TS17004: Cannot use JSX unless the '--jsx' flag is provided.
src/components/dashboard/seller/events/event-form.tsx(580,37): error TS17004: Cannot use JSX unless the '--jsx' flag is provided.
src/components/dashboard/seller/events/event-form.tsx(592,17): error TS17004: Cannot use JSX unless the '--jsx' flag is provided.
src/components/dashboard/seller/events/event-form.tsx(593,19): error TS17004: Cannot use JSX unless the '--jsx' flag is provided.
src/components/dashboard/seller/events/event-form.tsx(594,21): error TS17004: Cannot use JSX unless the '--jsx' flag is provided.
src/components/dashboard/seller/events/event-form.tsx(595,23): error TS17004: Cannot use JSX unless the '--jsx' flag is provided.
src/components/dashboard/seller/events/event-form.tsx(596,25): error TS17004: Cannot use JSX unless the '--jsx' flag is provided.
src/components/dashboard/seller/events/event-form.tsx(599,25): error TS17004: Cannot use JSX unless the '--jsx' flag is provided.
src/components/dashboard/seller/events/event-form.tsx(603,23): error TS17004: Cannot use JSX unless the '--jsx' flag is provided.
src/components/dashboard/seller/events/event-form.tsx(607,23): error TS17004: Cannot use JSX unless the '--jsx' flag is provided.
src/components/dashboard/seller/events/event-form.tsx(614,27): error TS17004: Cannot use JSX unless the '--jsx' flag is provided.
src/components/dashboard/seller/events/event-form.tsx(621,31): error TS17004: Cannot use JSX unless the '--jsx' flag is provided.
src/components/dashboard/seller/events/event-form.tsx(623,31): error TS17004: Cannot use JSX unless the '--jsx' flag is provided.
